
services:
    service_container:
        class: Symfony\Component\DependencyInjection\ContainerInterface
        public: true
        synthetic: true
    foo:
        class: Class2
        public: true
        tags:
            - container.decorator: { id: bar }
        file: file.php
        lazy: true
        arguments: [!service { class: Class1 }]
    bar:
        alias: foo
        public: true
